// Jest Snapshot v1, https://goo.gl/fbAQLP

exports[`<Sidebar /> should render correctly 1`] = `
.c1 {
  width: 16.4rem;
  height: 4.4rem;
}

.c0 {
  height: 100vh;
  width: 33.2rem;
  background: #1e293b;
  display: -webkit-box;
  display: -webkit-flex;
  display: -ms-flexbox;
  display: flex;
  -webkit-flex-direction: column;
  -ms-flex-direction: column;
  flex-direction: column;
  padding: 4.7rem 3.3rem;
}

.c0 > img {
  margin: 0 auto;
}

.c3 {
  border: 0;
  height: 4rem;
  display: -webkit-box;
  display: -webkit-flex;
  display: -ms-flexbox;
  display: flex;
  margin-top: 2.4rem;
  -webkit-align-items: center;
  -webkit-box-align: center;
  -ms-flex-align: center;
  align-items: center;
  -webkit-box-pack: center;
  -webkit-justify-content: center;
  -ms-flex-pack: center;
  justify-content: center;
  border-radius: 0.4rem;
  background: #1fc8e1;
  font-size: 1.4rem;
  font-weight: 500;
  -webkit-transition: filter 0.2s;
  transition: filter 0.2s;
}

.c3:hover {
  -webkit-filter: brightness(0.8);
  filter: brightness(0.8);
}

.c3 svg {
  margin-right: 1.2rem;
}

.c2 {
  display: -webkit-box;
  display: -webkit-flex;
  display: -ms-flexbox;
  display: flex;
  margin-top: 6rem;
  -webkit-align-items: center;
  -webkit-box-align: center;
  -ms-flex-align: center;
  align-items: center;
}

.c2 span {
  color: #fafafa;
  font-size: 1.8rem;
  margin: 0 0.5rem;
}

.c2 hr {
  position: relative;
  border: 0.2rem solid #1fc8e1;
  border-radius: 0.2rem;
  width: 100%;
}

.c2 hr:first-child {
  max-width: 1.3rem;
}

.c4 {
  display: grid;
  grid-gap: 1.8rem;
  margin-top: 3.5rem;
}

.c5 {
  display: -webkit-box;
  display: -webkit-flex;
  display: -ms-flexbox;
  display: flex;
  -webkit-align-items: center;
  -webkit-box-align: center;
  -ms-flex-align: center;
  align-items: center;
  padding: 1rem 1.6rem;
  border-radius: 0.5rem;
  -webkit-transition: background 0.2s;
  transition: background 0.2s;
  color: rgba(255,255,255,0.65);
  height: 5rem;
  cursor: pointer;
  opacity: 1;
  background: rgba(255,255,255,0.05);
}

.c5 a {
  color: rgba(255,255,255,0.65);
}

.c5:hover {
  background: rgba(255,255,255,0.05);
}

.c5:hover button {
  opacity: 1;
  visibility: visible;
}

.c5 input {
  color: #fafafa;
}

.c5 button {
  background: transparent;
  height: 1.8rem;
  width: 1.8rem;
  border: 0;
  opacity: 0;
  visibility: hidden;
  -webkit-transition: opacity 0.2s,visibility 0.2s,color 0.2s;
  transition: opacity 0.2s,visibility 0.2s,color 0.2s;
  margin-top: 0.6rem;
}

.c5 button:hover {
  color: #fafafa;
}

.c5 button + svg {
  margin-left: 1rem;
}

.c5 > svg {
  margin-right: 1rem;
}

.c5 section {
  margin-left: auto;
}

.c5::after {
  content: '';
  height: 0.8rem;
  width: 0.8rem;
  background: #1fc8e1;
  border-radius: 50%;
  margin-left: 1rem;
}

.c5 a {
  color: #fafafa;
}

.c5 input {
  color: #fafafa;
  opacity: 1;
}

.c5 svg {
  color: #1fc8e1;
}

<aside
  class="c0"
>
  <img
    alt="Markee App"
    class="c1"
    src="test-file-stub"
  />
  <div
    class="c2"
  >
    <hr />
    <span>
      Arquivos
    </span>
    <hr />
  </div>
  <button
    class="c3"
    type="button"
  >
    <svg
      fill="none"
      height="16"
      stroke="currentColor"
      stroke-linecap="round"
      stroke-linejoin="round"
      stroke-width="2"
      viewBox="0 0 24 24"
      width="16"
      xmlns="http://www.w3.org/2000/svg"
    >
      <line
        x1="12"
        x2="12"
        y1="5"
        y2="19"
      />
      <line
        x1="5"
        x2="19"
        y1="12"
        y2="12"
      />
    </svg>
    Adicionar arquivo
  </button>
  <ul
    class="c4"
  >
    <li
      class="c5"
    >
      <svg
        fill="none"
        height="24"
        stroke="currentColor"
        stroke-linecap="round"
        stroke-linejoin="round"
        stroke-width="1.5"
        viewBox="0 0 24 24"
        width="24"
        xmlns="http://www.w3.org/2000/svg"
      >
        <path
          d="M14 2H6a2 2 0 0 0-2 2v16a2 2 0 0 0 2 2h12a2 2 0 0 0 2-2V8z"
        />
        <polyline
          points="14 2 14 8 20 8"
        />
        <line
          x1="16"
          x2="8"
          y1="13"
          y2="13"
        />
        <line
          x1="16"
          x2="8"
          y1="17"
          y2="17"
        />
        <polyline
          points="10 9 9 9 8 9"
        />
      </svg>
      <a
        href="/"
      >
        Sem t√≠tulo
      </a>
      <section>
        <button
          type="button"
        >
          <svg
            color="#fafafa"
            fill="none"
            height="18"
            stroke="currentColor"
            stroke-linecap="round"
            stroke-linejoin="round"
            stroke-width="2"
            style="color: rgb(250, 250, 250);"
            viewBox="0 0 24 24"
            width="18"
            xmlns="http://www.w3.org/2000/svg"
          >
            <line
              x1="18"
              x2="6"
              y1="6"
              y2="18"
            />
            <line
              x1="6"
              x2="18"
              y1="6"
              y2="18"
            />
          </svg>
        </button>
      </section>
    </li>
  </ul>
</aside>
`;
